2025-11-23 17:04:12,574 - INFO - [ROS2Node-GantryBridge] - Node initialized
2025-11-23 17:04:12,577 - INFO - [ROS2Node-GantryBridge] - Subscribed to /gantry/command
2025-11-23 17:04:12,579 - INFO - [ROS2Node-GantryBridge] - Publishing to /gantry/joint_states: {'header': {'timestamp': 1763935452.5781062}, 'name': ['X', 'Y', 'Z', 'Extend', 'Retract', 'Rotate', 'Tilt', 'Gripper'], 'position': [0.0, 0.0, 0.0, 0.0, 0.0, 0.0, 0.0, 0.0], 'velocity': [], 'effort': []}
2025-11-23 17:04:12,579 - INFO - [ROS2Node-SafetyController] - Node initialized
2025-11-23 17:04:12,581 - INFO - [ROS2Node-SafetyController] - Subscribed to /gantry/joint_states
2025-11-23 17:04:12,582 - INFO - [ROS2Node-SafetyController] - Subscribed to /gantry/result
2025-11-23 17:04:13,581 - INFO - [ROS2Node-GantryBridge] - Publishing to /gantry/joint_states: {'header': {'timestamp': 1763935453.5817366}, 'name': ['X', 'Y', 'Z', 'Extend', 'Retract', 'Rotate', 'Tilt', 'Gripper'], 'position': [0.0, 0.0, 0.0, 0.0, 0.0, 0.0, 0.0, 0.0], 'velocity': [], 'effort': []}
2025-11-23 17:04:13,584 - INFO - [ROS2Node-SafetyController] - Publishing to /gantry/command: {'action': 'MOVE_TO', 'params': {'position': (100, 200, 50), 'orientation': (0, 0)}}
2025-11-23 17:04:13,585 - INFO - [ROS2Node-GantryBridge] - Received command: {'action': 'MOVE_TO', 'params': {'position': (100, 200, 50), 'orientation': (0, 0)}}
2025-11-23 17:04:13,586 - INFO - [ROS2Node-GantryBridge] - Executing MOVE_TO (100, 200, 50)
2025-11-23 17:04:13,589 - INFO - [ROS2Node-GantryBridge] - Publishing to /gantry/result: {'status': 'SUCCESS', 'action': 'MOVE_TO'}
2025-11-23 17:04:14,583 - INFO - [ROS2Node-GantryBridge] - Publishing to /gantry/joint_states: {'header': {'timestamp': 1763935454.583374}, 'name': ['X', 'Y', 'Z', 'Extend', 'Retract', 'Rotate', 'Tilt', 'Gripper'], 'position': [100, 200, 50, 0, 0, 0.0, 0.0, 0.0], 'velocity': [], 'effort': []}
2025-11-23 17:04:15,585 - INFO - [ROS2Node-GantryBridge] - Publishing to /gantry/joint_states: {'header': {'timestamp': 1763935455.5858316}, 'name': ['X', 'Y', 'Z', 'Extend', 'Retract', 'Rotate', 'Tilt', 'Gripper'], 'position': [100, 200, 50, 0, 0, 0.0, 0.0, 0.0], 'velocity': [], 'effort': []}
2025-11-23 17:04:16,587 - INFO - [ROS2Node-GantryBridge] - Publishing to /gantry/joint_states: {'header': {'timestamp': 1763935456.587046}, 'name': ['X', 'Y', 'Z', 'Extend', 'Retract', 'Rotate', 'Tilt', 'Gripper'], 'position': [100, 200, 50, 0, 0, 0.0, 0.0, 0.0], 'velocity': [], 'effort': []}
2025-11-23 17:04:16,591 - INFO - [ROS2Node-SafetyController] - Publishing to /gantry/command: {'action': 'PICK', 'params': {'object_type': 'Cylinder', 'pick_pos': (100, 200, 20), 'place_pos': (500, 100, 20)}}
2025-11-23 17:04:16,592 - INFO - [ROS2Node-GantryBridge] - Received command: {'action': 'PICK', 'params': {'object_type': 'Cylinder', 'pick_pos': (100, 200, 20), 'place_pos': (500, 100, 20)}}
2025-11-23 17:04:16,592 - INFO - [ROS2Node-GantryBridge] - Executing PICK_AND_PLACE for ObjectType.CYLINDER
2025-11-23 17:04:16,603 - INFO - [ROS2Node-GantryBridge] - Publishing to /gantry/result: {'status': 'SUCCESS', 'action': 'PICK'}
2025-11-23 17:04:17,589 - INFO - [ROS2Node-GantryBridge] - Publishing to /gantry/joint_states: {'header': {'timestamp': 1763935457.5892675}, 'name': ['X', 'Y', 'Z', 'Extend', 'Retract', 'Rotate', 'Tilt', 'Gripper'], 'position': [500, 100, 20, 100, 0, 0.0, 0.0, 1], 'velocity': [], 'effort': []}
2025-11-23 17:04:18,590 - INFO - [ROS2Node-GantryBridge] - Publishing to /gantry/joint_states: {'header': {'timestamp': 1763935458.590954}, 'name': ['X', 'Y', 'Z', 'Extend', 'Retract', 'Rotate', 'Tilt', 'Gripper'], 'position': [500, 100, 20, 100, 0, 0.0, 0.0, 1], 'velocity': [], 'effort': []}
2025-11-23 17:04:19,592 - INFO - [ROS2Node-GantryBridge] - Publishing to /gantry/joint_states: {'header': {'timestamp': 1763935459.5922527}, 'name': ['X', 'Y', 'Z', 'Extend', 'Retract', 'Rotate', 'Tilt', 'Gripper'], 'position': [500, 100, 20, 100, 0, 0.0, 0.0, 1], 'velocity': [], 'effort': []}
2025-11-23 17:04:20,593 - INFO - [ROS2Node-GantryBridge] - Publishing to /gantry/joint_states: {'header': {'timestamp': 1763935460.593184}, 'name': ['X', 'Y', 'Z', 'Extend', 'Retract', 'Rotate', 'Tilt', 'Gripper'], 'position': [500, 100, 20, 100, 0, 0.0, 0.0, 1], 'velocity': [], 'effort': []}
2025-11-23 17:04:21,594 - INFO - [ROS2Node-GantryBridge] - Publishing to /gantry/joint_states: {'header': {'timestamp': 1763935461.5946503}, 'name': ['X', 'Y', 'Z', 'Extend', 'Retract', 'Rotate', 'Tilt', 'Gripper'], 'position': [500, 100, 20, 100, 0, 0.0, 0.0, 1], 'velocity': [], 'effort': []}
2025-11-23 17:04:22,596 - INFO - [ROS2Node-GantryBridge] - Publishing to /gantry/joint_states: {'header': {'timestamp': 1763935462.5962994}, 'name': ['X', 'Y', 'Z', 'Extend', 'Retract', 'Rotate', 'Tilt', 'Gripper'], 'position': [500, 100, 20, 100, 0, 0.0, 0.0, 1], 'velocity': [], 'effort': []}
2025-11-23 17:04:23,598 - INFO - [ROS2Node-GantryBridge] - Publishing to /gantry/joint_states: {'header': {'timestamp': 1763935463.598302}, 'name': ['X', 'Y', 'Z', 'Extend', 'Retract', 'Rotate', 'Tilt', 'Gripper'], 'position': [500, 100, 20, 100, 0, 0.0, 0.0, 1], 'velocity': [], 'effort': []}
2025-11-23 17:04:24,600 - INFO - [ROS2Node-GantryBridge] - Publishing to /gantry/joint_states: {'header': {'timestamp': 1763935464.6000886}, 'name': ['X', 'Y', 'Z', 'Extend', 'Retract', 'Rotate', 'Tilt', 'Gripper'], 'position': [500, 100, 20, 100, 0, 0.0, 0.0, 1], 'velocity': [], 'effort': []}
2025-11-23 17:04:24,605 - INFO - [ROS2Node-SafetyController] - Publishing to /gantry/command: {'action': 'MOVE_TO', 'params': {'position': (0, 0, 100), 'orientation': (0, 0)}}
2025-11-23 17:04:24,606 - INFO - [ROS2Node-GantryBridge] - Received command: {'action': 'MOVE_TO', 'params': {'position': (0, 0, 100), 'orientation': (0, 0)}}
2025-11-23 17:04:24,606 - INFO - [ROS2Node-GantryBridge] - Executing MOVE_TO (0, 0, 100)
2025-11-23 17:04:24,608 - INFO - [ROS2Node-GantryBridge] - Publishing to /gantry/result: {'status': 'SUCCESS', 'action': 'MOVE_TO'}
2025-11-23 17:04:25,601 - INFO - [ROS2Node-GantryBridge] - Publishing to /gantry/joint_states: {'header': {'timestamp': 1763935465.6013558}, 'name': ['X', 'Y', 'Z', 'Extend', 'Retract', 'Rotate', 'Tilt', 'Gripper'], 'position': [0, 0, 100, 0, 0, 0.0, 0.0, 1], 'velocity': [], 'effort': []}
2025-11-23 17:04:26,602 - INFO - [ROS2Node-GantryBridge] - Publishing to /gantry/joint_states: {'header': {'timestamp': 1763935466.6029208}, 'name': ['X', 'Y', 'Z', 'Extend', 'Retract', 'Rotate', 'Tilt', 'Gripper'], 'position': [0, 0, 100, 0, 0, 0.0, 0.0, 1], 'velocity': [], 'effort': []}
2025-11-23 17:04:27,604 - INFO - [ROS2Node-GantryBridge] - Publishing to /gantry/joint_states: {'header': {'timestamp': 1763935467.6046154}, 'name': ['X', 'Y', 'Z', 'Extend', 'Retract', 'Rotate', 'Tilt', 'Gripper'], 'position': [0, 0, 100, 0, 0, 0.0, 0.0, 1], 'velocity': [], 'effort': []}
